[harness] Starting serve_policy for run=vanilla ...
[harness] server pid=157990, log=/home/vardhan/mnt/Saturn/Projects/FKC_concost_diffusion/tmp/fkc_sweep/vanilla.server.log
[harness] server listening (waited 10s)
[harness] Starting run_eval (num_envs=4, output=fkc_sweep_vanilla) ...
[harness] Killing server pid=157990 ...
[harness] Analyzing /home/vardhan/mnt/Saturn/Projects/FKC_concost_diffusion/src/RoboLab/output/fkc_sweep_vanilla ...
[harness] DONE name=vanilla eval_rc=0
[harness] Starting serve_policy for run=linear_v1 ...
[harness] server pid=166256, log=/home/vardhan/mnt/Saturn/Projects/FKC_concost_diffusion/tmp/fkc_sweep/linear_v1.server.log
[harness] server listening (waited 10s)
[harness] Starting run_eval (num_envs=4, output=fkc_sweep_linear_v1) ...
[harness] Killing server pid=166256 ...
[harness] Analyzing /home/vardhan/mnt/Saturn/Projects/FKC_concost_diffusion/src/RoboLab/output/fkc_sweep_linear_v1 ...
[harness] DONE name=linear_v1 eval_rc=0
[harness] Starting serve_policy for run=sqdist_v1 ...
[harness] server pid=184594, log=/home/vardhan/mnt/Saturn/Projects/FKC_concost_diffusion/tmp/fkc_sweep/sqdist_v1.server.log
[harness] server listening (waited 10s)
[harness] Starting run_eval (num_envs=4, output=fkc_sweep_sqdist_v1) ...
[harness] Killing server pid=184594 ...
[harness] Analyzing /home/vardhan/mnt/Saturn/Projects/FKC_concost_diffusion/src/RoboLab/output/fkc_sweep_sqdist_v1 ...
[harness] DONE name=sqdist_v1 eval_rc=0
