[chain] starting full sweep at Sun May  3 06:55:51 AM CDT 2026
[harness] Starting serve_policy for run=vanilla_oo2 ...
[harness] server pid=411765, log=/home/vardhan/mnt/Saturn/Projects/FKC_concost_diffusion/tmp/fkc_sweep/vanilla_oo2.server.log
[harness] server listening (waited 10s)
[harness] Starting run_eval (num_envs=4, output=fkc_sweep_vanilla_oo2) ...
[harness] Killing server pid=411765 ...
[harness] Analyzing /home/vardhan/mnt/Saturn/Projects/FKC_concost_diffusion/src/RoboLab/output/fkc_sweep_vanilla_oo2 ...
[harness] DONE name=vanilla_oo2 eval_rc=0
[harness] Starting serve_policy for run=linear_m0_b5000 ...
[harness] server pid=419976, log=/home/vardhan/mnt/Saturn/Projects/FKC_concost_diffusion/tmp/fkc_sweep/linear_m0_b5000.server.log
[harness] server listening (waited 10s)
[harness] Starting run_eval (num_envs=4, output=fkc_sweep_linear_m0_b5000) ...
[harness] Killing server pid=419976 ...
[harness] Analyzing /home/vardhan/mnt/Saturn/Projects/FKC_concost_diffusion/src/RoboLab/output/fkc_sweep_linear_m0_b5000 ...
[harness] DONE name=linear_m0_b5000 eval_rc=0
[harness] Starting serve_policy for run=linear_m0p0001_b5000 ...
[harness] server pid=436357, log=/home/vardhan/mnt/Saturn/Projects/FKC_concost_diffusion/tmp/fkc_sweep/linear_m0p0001_b5000.server.log
[harness] server listening (waited 10s)
[harness] Starting run_eval (num_envs=4, output=fkc_sweep_linear_m0p0001_b5000) ...
[harness] Killing server pid=436357 ...
[harness] Analyzing /home/vardhan/mnt/Saturn/Projects/FKC_concost_diffusion/src/RoboLab/output/fkc_sweep_linear_m0p0001_b5000 ...
[harness] DONE name=linear_m0p0001_b5000 eval_rc=0
[harness] Starting serve_policy for run=linear_m0p001_b500 ...
[harness] server pid=454233, log=/home/vardhan/mnt/Saturn/Projects/FKC_concost_diffusion/tmp/fkc_sweep/linear_m0p001_b500.server.log
[harness] server listening (waited 10s)
[harness] Starting run_eval (num_envs=4, output=fkc_sweep_linear_m0p001_b500) ...
[harness] Killing server pid=454233 ...
[harness] Analyzing /home/vardhan/mnt/Saturn/Projects/FKC_concost_diffusion/src/RoboLab/output/fkc_sweep_linear_m0p001_b500 ...
[harness] DONE name=linear_m0p001_b500 eval_rc=0
[harness] Starting serve_policy for run=linear_m0p01_b500 ...
[harness] server pid=472456, log=/home/vardhan/mnt/Saturn/Projects/FKC_concost_diffusion/tmp/fkc_sweep/linear_m0p01_b500.server.log
[harness] server listening (waited 10s)
[harness] Starting run_eval (num_envs=4, output=fkc_sweep_linear_m0p01_b500) ...
[harness] Killing server pid=472456 ...
[harness] Analyzing /home/vardhan/mnt/Saturn/Projects/FKC_concost_diffusion/src/RoboLab/output/fkc_sweep_linear_m0p01_b500 ...
[harness] DONE name=linear_m0p01_b500 eval_rc=0
[harness] Starting serve_policy for run=linear_m0p1_b500 ...
[harness] server pid=488783, log=/home/vardhan/mnt/Saturn/Projects/FKC_concost_diffusion/tmp/fkc_sweep/linear_m0p1_b500.server.log
[harness] server listening (waited 10s)
[harness] Starting run_eval (num_envs=4, output=fkc_sweep_linear_m0p1_b500) ...
[harness] Killing server pid=488783 ...
[harness] Analyzing /home/vardhan/mnt/Saturn/Projects/FKC_concost_diffusion/src/RoboLab/output/fkc_sweep_linear_m0p1_b500 ...
[harness] DONE name=linear_m0p1_b500 eval_rc=0
[harness] Starting serve_policy for run=softplus_m0_b5000 ...
[harness] server pid=506399, log=/home/vardhan/mnt/Saturn/Projects/FKC_concost_diffusion/tmp/fkc_sweep/softplus_m0_b5000.server.log
[harness] server listening (waited 10s)
[harness] Starting run_eval (num_envs=4, output=fkc_sweep_softplus_m0_b5000) ...
[harness] Killing server pid=506399 ...
[harness] Analyzing /home/vardhan/mnt/Saturn/Projects/FKC_concost_diffusion/src/RoboLab/output/fkc_sweep_softplus_m0_b5000 ...
[harness] DONE name=softplus_m0_b5000 eval_rc=0
[harness] Starting serve_policy for run=softplus_m0p0001_b5000 ...
[harness] server pid=524162, log=/home/vardhan/mnt/Saturn/Projects/FKC_concost_diffusion/tmp/fkc_sweep/softplus_m0p0001_b5000.server.log
[harness] server listening (waited 10s)
[harness] Starting run_eval (num_envs=4, output=fkc_sweep_softplus_m0p0001_b5000) ...
[harness] Killing server pid=524162 ...
[harness] Analyzing /home/vardhan/mnt/Saturn/Projects/FKC_concost_diffusion/src/RoboLab/output/fkc_sweep_softplus_m0p0001_b5000 ...
[harness] DONE name=softplus_m0p0001_b5000 eval_rc=0
[harness] Starting serve_policy for run=softplus_m0p001_b5000 ...
[harness] server pid=542150, log=/home/vardhan/mnt/Saturn/Projects/FKC_concost_diffusion/tmp/fkc_sweep/softplus_m0p001_b5000.server.log
[harness] server listening (waited 10s)
[harness] Starting run_eval (num_envs=4, output=fkc_sweep_softplus_m0p001_b5000) ...
[harness] Killing server pid=542150 ...
[harness] Analyzing /home/vardhan/mnt/Saturn/Projects/FKC_concost_diffusion/src/RoboLab/output/fkc_sweep_softplus_m0p001_b5000 ...
[harness] DONE name=softplus_m0p001_b5000 eval_rc=0
[harness] Starting serve_policy for run=softplus_m0p01_b7000 ...
[harness] server pid=560101, log=/home/vardhan/mnt/Saturn/Projects/FKC_concost_diffusion/tmp/fkc_sweep/softplus_m0p01_b7000.server.log
[harness] server listening (waited 10s)
[harness] Starting run_eval (num_envs=4, output=fkc_sweep_softplus_m0p01_b7000) ...
[harness] Killing server pid=560101 ...
[harness] Analyzing /home/vardhan/mnt/Saturn/Projects/FKC_concost_diffusion/src/RoboLab/output/fkc_sweep_softplus_m0p01_b7000 ...
[harness] DONE name=softplus_m0p01_b7000 eval_rc=0
[harness] Starting serve_policy for run=softplus_m0p1_b500 ...
[harness] server pid=578380, log=/home/vardhan/mnt/Saturn/Projects/FKC_concost_diffusion/tmp/fkc_sweep/softplus_m0p1_b500.server.log
[harness] server listening (waited 10s)
[harness] Starting run_eval (num_envs=4, output=fkc_sweep_softplus_m0p1_b500) ...
[harness] Killing server pid=578380 ...
[harness] Analyzing /home/vardhan/mnt/Saturn/Projects/FKC_concost_diffusion/src/RoboLab/output/fkc_sweep_softplus_m0p1_b500 ...
[harness] DONE name=softplus_m0p1_b500 eval_rc=0
[harness] Starting serve_policy for run=squared_hinge_m0_b500000 ...
[harness] server pid=597201, log=/home/vardhan/mnt/Saturn/Projects/FKC_concost_diffusion/tmp/fkc_sweep/squared_hinge_m0_b500000.server.log
[harness] server listening (waited 10s)
[harness] Starting run_eval (num_envs=4, output=fkc_sweep_squared_hinge_m0_b500000) ...
[harness] Killing server pid=597201 ...
[harness] Analyzing /home/vardhan/mnt/Saturn/Projects/FKC_concost_diffusion/src/RoboLab/output/fkc_sweep_squared_hinge_m0_b500000 ...
[harness] DONE name=squared_hinge_m0_b500000 eval_rc=0
[harness] Starting serve_policy for run=squared_hinge_m0p0001_b500000 ...
[harness] server pid=615643, log=/home/vardhan/mnt/Saturn/Projects/FKC_concost_diffusion/tmp/fkc_sweep/squared_hinge_m0p0001_b500000.server.log
[harness] server listening (waited 10s)
[harness] Starting run_eval (num_envs=4, output=fkc_sweep_squared_hinge_m0p0001_b500000) ...
[harness] Killing server pid=615643 ...
[harness] Analyzing /home/vardhan/mnt/Saturn/Projects/FKC_concost_diffusion/src/RoboLab/output/fkc_sweep_squared_hinge_m0p0001_b500000 ...
[harness] DONE name=squared_hinge_m0p0001_b500000 eval_rc=0
[harness] Starting serve_policy for run=squared_hinge_m0p001_b50000 ...
[harness] server pid=634216, log=/home/vardhan/mnt/Saturn/Projects/FKC_concost_diffusion/tmp/fkc_sweep/squared_hinge_m0p001_b50000.server.log
[harness] server listening (waited 10s)
[harness] Starting run_eval (num_envs=4, output=fkc_sweep_squared_hinge_m0p001_b50000) ...
[harness] Killing server pid=634216 ...
[harness] Analyzing /home/vardhan/mnt/Saturn/Projects/FKC_concost_diffusion/src/RoboLab/output/fkc_sweep_squared_hinge_m0p001_b50000 ...
[harness] DONE name=squared_hinge_m0p001_b50000 eval_rc=0
[harness] Starting serve_policy for run=squared_hinge_m0p01_b7000 ...
[harness] server pid=651399, log=/home/vardhan/mnt/Saturn/Projects/FKC_concost_diffusion/tmp/fkc_sweep/squared_hinge_m0p01_b7000.server.log
[harness] server listening (waited 10s)
[harness] Starting run_eval (num_envs=4, output=fkc_sweep_squared_hinge_m0p01_b7000) ...
[harness] Killing server pid=651399 ...
[harness] Analyzing /home/vardhan/mnt/Saturn/Projects/FKC_concost_diffusion/src/RoboLab/output/fkc_sweep_squared_hinge_m0p01_b7000 ...
[harness] DONE name=squared_hinge_m0p01_b7000 eval_rc=0
[harness] Starting serve_policy for run=squared_hinge_m0p1_b5000 ...
[harness] server pid=669689, log=/home/vardhan/mnt/Saturn/Projects/FKC_concost_diffusion/tmp/fkc_sweep/squared_hinge_m0p1_b5000.server.log
[harness] server listening (waited 10s)
[harness] Starting run_eval (num_envs=4, output=fkc_sweep_squared_hinge_m0p1_b5000) ...
[harness] Killing server pid=669689 ...
[harness] Analyzing /home/vardhan/mnt/Saturn/Projects/FKC_concost_diffusion/src/RoboLab/output/fkc_sweep_squared_hinge_m0p1_b5000 ...
[harness] DONE name=squared_hinge_m0p1_b5000 eval_rc=0
[harness] Starting serve_policy for run=squared_distance_hinge_m0p0001_b500000 ...
[harness] server pid=688093, log=/home/vardhan/mnt/Saturn/Projects/FKC_concost_diffusion/tmp/fkc_sweep/squared_distance_hinge_m0p0001_b500000.server.log
[harness] server listening (waited 10s)
[harness] Starting run_eval (num_envs=4, output=fkc_sweep_squared_distance_hinge_m0p0001_b500000) ...
[harness] Killing server pid=688093 ...
[harness] Analyzing /home/vardhan/mnt/Saturn/Projects/FKC_concost_diffusion/src/RoboLab/output/fkc_sweep_squared_distance_hinge_m0p0001_b500000 ...
[harness] DONE name=squared_distance_hinge_m0p0001_b500000 eval_rc=0
[harness] Starting serve_policy for run=squared_distance_hinge_m0p001_b50000 ...
[harness] server pid=704717, log=/home/vardhan/mnt/Saturn/Projects/FKC_concost_diffusion/tmp/fkc_sweep/squared_distance_hinge_m0p001_b50000.server.log
[harness] server listening (waited 10s)
[harness] Starting run_eval (num_envs=4, output=fkc_sweep_squared_distance_hinge_m0p001_b50000) ...
[harness] Killing server pid=704717 ...
[harness] Analyzing /home/vardhan/mnt/Saturn/Projects/FKC_concost_diffusion/src/RoboLab/output/fkc_sweep_squared_distance_hinge_m0p001_b50000 ...
[harness] DONE name=squared_distance_hinge_m0p001_b50000 eval_rc=0
[harness] Starting serve_policy for run=squared_distance_hinge_m0p01_b7000 ...
[harness] server pid=722833, log=/home/vardhan/mnt/Saturn/Projects/FKC_concost_diffusion/tmp/fkc_sweep/squared_distance_hinge_m0p01_b7000.server.log
[harness] server listening (waited 10s)
[harness] Starting run_eval (num_envs=4, output=fkc_sweep_squared_distance_hinge_m0p01_b7000) ...
[harness] Killing server pid=722833 ...
[harness] Analyzing /home/vardhan/mnt/Saturn/Projects/FKC_concost_diffusion/src/RoboLab/output/fkc_sweep_squared_distance_hinge_m0p01_b7000 ...
[harness] DONE name=squared_distance_hinge_m0p01_b7000 eval_rc=0
[harness] Starting serve_policy for run=squared_distance_hinge_m0p1_b500 ...
[harness] server pid=741030, log=/home/vardhan/mnt/Saturn/Projects/FKC_concost_diffusion/tmp/fkc_sweep/squared_distance_hinge_m0p1_b500.server.log
[harness] server listening (waited 10s)
[harness] Starting run_eval (num_envs=4, output=fkc_sweep_squared_distance_hinge_m0p1_b500) ...
[harness] Killing server pid=741030 ...
[harness] Analyzing /home/vardhan/mnt/Saturn/Projects/FKC_concost_diffusion/src/RoboLab/output/fkc_sweep_squared_distance_hinge_m0p1_b500 ...
[harness] DONE name=squared_distance_hinge_m0p1_b500 eval_rc=0
[chain] full sweep done at Sun May  3 05:15:00 PM CDT 2026
