Found 1 collision-log file(s).

=== FruitsGreenLimesOnPlateTask/collisions_run_0.npz ===
  obstacles: ['table', 'lemon_01', 'lemon_02', 'lime01', 'lime01_01', 'orange_01', 'orange_02', 'pomegranate01', 'pumpkinlarge', 'pumpkinsmall', 'redonion', 'serving_bowl', 'clay_plates', 'wooden_spoons', 'spatula', 'storage_box']
  body_radius=0.045 m, obstacle_pad=0.000 m, records=8731
  env 0:  130 /  513 steps ( 25.3%)  min_clearance= -45.00 mm  mean= +70.52 mm
  env 1:  631 / 1349 steps ( 46.8%)  min_clearance= -45.00 mm  mean= +44.62 mm
  env 2:  636 / 1349 steps ( 47.1%)  min_clearance= -45.00 mm  mean= +32.48 mm
  env 3:  207 /  473 steps ( 43.8%)  min_clearance= -45.00 mm  mean= +35.76 mm
  env 4:  846 / 1349 steps ( 62.7%)  min_clearance= -45.00 mm  mean=  +9.72 mm
  env 5:  535 / 1349 steps ( 39.7%)  min_clearance= -45.00 mm  mean= +43.90 mm
  env 6:  439 / 1000 steps ( 43.9%)  min_clearance= -45.00 mm  mean= +32.68 mm
  env 7:  256 / 1349 steps ( 19.0%)  min_clearance= -45.00 mm  mean= +79.10 mm
  top offending bodies (steps in collision):
    left_inner_finger                        3614
    left_inner_knuckle                       3603
    base_link                                3594
    left_outer_knuckle                       3593
    left_outer_finger                        3593

=== overall ===
  3680 / 8731 steps in collision ( 42.1%)  min_clearance= -45.00 mm
