Found 1 collision-log file(s).

=== FruitsGreenLimesOnPlateTask/collisions_run_0.npz ===
  obstacles: ['table', 'lemon_01', 'lemon_02', 'lime01', 'lime01_01', 'orange_01', 'orange_02', 'pomegranate01', 'pumpkinlarge', 'pumpkinsmall', 'redonion', 'serving_bowl', 'clay_plates', 'wooden_spoons', 'spatula', 'storage_box']
  body_radius=0.045 m, obstacle_pad=0.000 m, records=10287
  env 0:  687 / 1349 steps ( 50.9%)  min_clearance= -45.00 mm  mean= +26.17 mm
  env 1:  416 / 1349 steps ( 30.8%)  min_clearance= -45.00 mm  mean= +47.05 mm
  env 2:  531 / 1285 steps ( 41.3%)  min_clearance= -45.00 mm  mean= +48.82 mm
  env 3:  247 / 1187 steps ( 20.8%)  min_clearance= -45.00 mm  mean= +81.88 mm
  env 4:  431 / 1349 steps ( 31.9%)  min_clearance= -45.00 mm  mean= +49.38 mm
  env 5:  239 / 1349 steps ( 17.7%)  min_clearance= -23.65 mm  mean= +63.78 mm
  env 6:  478 / 1070 steps ( 44.7%)  min_clearance= -45.00 mm  mean= +34.02 mm
  env 7:  586 / 1349 steps ( 43.4%)  min_clearance= -45.00 mm  mean= +20.80 mm
  top offending bodies (steps in collision):
    left_inner_finger                        3567
    right_inner_finger                       3529
    left_inner_knuckle                       3522
    base_link                                3518
    left_outer_finger                        3466

=== overall ===
  3615 / 10287 steps in collision ( 35.1%)  min_clearance= -45.00 mm
